// Jest Snapshot v1, https://goo.gl/fbAQLP

exports[`pruebas en SideBar.js debe de mostrarse correctamente <SideBar/>  1`] = `
<aside
  className="journal__sidebar"
>
  <div
    className="journal__side-navbar"
  >
    <h3
      className="mt-5"
    >
      <i
        className="far fa-moon"
      />
      <span>
          
         
      </span>
    </h3>
    <button
      className="btn"
      onClick={[Function]}
    >
      Logout
    </button>
  </div>
  <div
    className="journal__new-entry"
    onClick={[Function]}
  >
    <i
      className="far fa-calendar-plus fa-3x"
    />
    <p
      className="mt-1"
    >
      New Entry
    </p>
  </div>
  <div
    className="journal__entries animate__animated animate__fadeIn  animate__faster  "
  />
</aside>
`;
